==========================================
RATIO EDGE CASE VALIDATION LOG
==========================================

Validation Date: 17-07-2026

Validation Completed Successfully

Checks Performed:
- Net Profit Margin
- Operating Profit Margin
- ROE
- ROCE
- ROA
- Debt-to-Equity
- Interest Coverage
- Asset Turnover
- Revenue CAGR
- PAT CAGR
- EPS CAGR
- Free Cash Flow
- Operating Cash Flow Ratio
- CFO Quality Score
- CapEx Intensity
- FCF Conversion Ratio
- Capital Allocation Pattern

Result:
- No division-by-zero errors found.
- No missing KPI values detected.
- No invalid financial ratio calculations detected.
- Financial metrics verification completed successfully.
